// Jest Snapshot v1, https://goo.gl/fbAQLP

exports[`matches snapshot 1`] = `
Array [
  <main
    className="sc-iqAclL ffNEnI"
  >
    <section
      className="sc-bdnxRM iaMMfV"
      data-testid="test-2"
    >
      <h1
        className="sc-gtsrHT RUswA"
      >
        NASA
      </h1>
      <h1
        className="sc-dlnjwi ctiA-dX"
      >
        Daily Astronomy picture of the day
      </h1>
    </section>
    <button
      className="sc-bqGGPW eqnbAc"
      onClick={[Function]}
    >
      See last weeks pictures
    </button>
    <p
      className="sc-dIsUp iAHDsu"
    >
      Choose here a certain date and you will see that date's picture of the day! 
    </p>
    <section
      className="sc-crzoAE fJQpxT"
    >
      <div
        className="react-date-picker react-date-picker--closed react-date-picker--enabled"
        onFocus={[Function]}
      >
        <div
          className="react-date-picker__wrapper"
        >
          <div
            className="react-date-picker__inputGroup"
            onClick={[Function]}
          >
            <input
              max="2021-10-06"
              min="1995-06-16"
              name="date"
              onChange={[Function]}
              onFocus={[Function]}
              style={
                Object {
                  "position": "absolute",
                  "visibility": "hidden",
                  "zIndex": "-999",
                }
              }
              type="date"
              value="2021-10-06"
            />
            
            <input
              autoComplete="off"
              className="react-date-picker__inputGroup__input react-date-picker__inputGroup__month"
              data-input="true"
              inputMode="numeric"
              max={10}
              min={1}
              name="month"
              onChange={[Function]}
              onFocus={[Function]}
              onKeyDown={[Function]}
              onKeyPress={[Function]}
              onKeyUp={[Function]}
              placeholder="--"
              required={null}
              type="number"
              value="10"
            />
            <span
              className="react-date-picker__inputGroup__divider"
            >
              /
            </span>
            <input
              aria-label="Day"
              autoComplete="off"
              autoFocus={false}
              className="react-date-picker__inputGroup__input react-date-picker__inputGroup__day"
              data-input="true"
              inputMode="numeric"
              max={6}
              min={1}
              name="day"
              onChange={[Function]}
              onFocus={[Function]}
              onKeyDown={[Function]}
              onKeyPress={[Function]}
              onKeyUp={[Function]}
              placeholder="--"
              required={null}
              type="number"
              value="6"
            />
            <span
              className="react-date-picker__inputGroup__divider"
            >
              /
            </span>
            <input
              autoComplete="off"
              autoFocus={false}
              className="react-date-picker__inputGroup__input react-date-picker__inputGroup__year"
              data-input="true"
              inputMode="numeric"
              max={2021}
              min={1995}
              name="year"
              onChange={[Function]}
              onFocus={[Function]}
              onKeyDown={[Function]}
              onKeyPress={[Function]}
              onKeyUp={[Function]}
              placeholder="----"
              required={null}
              step={1}
              type="number"
              value="2021"
            />
            
          </div>
          <button
            className="react-date-picker__clear-button react-date-picker__button"
            onClick={[Function]}
            onFocus={[Function]}
            type="button"
          >
            <svg
              className="react-date-picker__clear-button__icon react-date-picker__button__icon"
              height={19}
              stroke="black"
              strokeWidth={2}
              viewBox="0 0 19 19"
              width={19}
              xmlns="http://www.w3.org/2000/svg"
            >
              <line
                x1="4"
                x2="15"
                y1="4"
                y2="15"
              />
              <line
                x1="15"
                x2="4"
                y1="4"
                y2="15"
              />
            </svg>
          </button>
          <button
            className="react-date-picker__calendar-button react-date-picker__button"
            onClick={[Function]}
            onFocus={[Function]}
            type="button"
          >
            <svg
              className="react-date-picker__calendar-button__icon react-date-picker__button__icon"
              height={19}
              stroke="black"
              strokeWidth={2}
              viewBox="0 0 19 19"
              width={19}
              xmlns="http://www.w3.org/2000/svg"
            >
              <rect
                fill="none"
                height="15"
                width="15"
                x="2"
                y="2"
              />
              <line
                x1="6"
                x2="6"
                y1="0"
                y2="4"
              />
              <line
                x1="13"
                x2="13"
                y1="0"
                y2="4"
              />
            </svg>
          </button>
        </div>
      </div>
    </section>
  </main>,
  <section
    className="sc-hKFxyN jLOHUB"
  >
    <img
      alt="Cartoon character of Astronaut in Space"
      src="http://images.all-free-download.com/images/graphiclarge/space_background_astronaut_spaceship_flag_icons_ornament_6828811.jpg"
    />
  </section>,
]
`;
